2026-01-05 12:46:00,557 - rsi_bot - INFO - Starting RSI Bot System...
2026-01-05 12:46:00,576 - rsi_bot - INFO - Database initialized (trades.db checked).
2026-01-05 12:46:00,587 - rsi_bot - INFO - Initialized exchange: binance
2026-01-05 12:46:00,587 - rsi_bot - INFO - Strategy loaded.
2026-01-05 12:46:00,588 - rsi_bot - INFO - Market stream started for ['BTC/USDT', 'ETH/USDT', 'BNB/USDT']
2026-01-05 12:46:10,588 - rsi_bot - INFO - Bot heartbeat: alive...
2026-01-05 12:46:12,923 - rsi_bot - INFO - Shutting down...
2026-01-05 12:47:31,187 - rsi_bot - INFO - Starting RSI Bot System...
2026-01-05 12:47:31,196 - rsi_bot - INFO - Database initialized (trades.db checked).
2026-01-05 12:47:31,207 - rsi_bot - INFO - Initialized exchange: binance
2026-01-05 12:47:31,207 - rsi_bot - INFO - Strategy loaded.
2026-01-05 12:47:31,209 - rsi_bot - INFO - Market stream started for ['BTC/USDT', 'ETH/USDT', 'BNB/USDT']
2026-01-05 12:47:41,210 - rsi_bot - INFO - Bot heartbeat: alive...
2026-01-05 12:47:51,211 - rsi_bot - INFO - Bot heartbeat: alive...
2026-01-05 12:48:01,213 - rsi_bot - INFO - Bot heartbeat: alive...
2026-01-05 12:48:11,214 - rsi_bot - INFO - Bot heartbeat: alive...
2026-01-05 12:48:21,216 - rsi_bot - INFO - Bot heartbeat: alive...
2026-01-05 12:48:31,217 - rsi_bot - INFO - Bot heartbeat: alive...
2026-01-05 12:48:41,219 - rsi_bot - INFO - Bot heartbeat: alive...
2026-01-05 12:48:51,221 - rsi_bot - INFO - Bot heartbeat: alive...
2026-01-05 12:49:01,222 - rsi_bot - INFO - Bot heartbeat: alive...
2026-01-05 12:49:11,223 - rsi_bot - INFO - Bot heartbeat: alive...
2026-01-05 12:49:21,225 - rsi_bot - INFO - Bot heartbeat: alive...
2026-01-05 12:49:31,231 - rsi_bot - INFO - Bot heartbeat: alive...
2026-01-05 12:49:41,233 - rsi_bot - INFO - Bot heartbeat: alive...
2026-01-05 12:49:51,234 - rsi_bot - INFO - Bot heartbeat: alive...
2026-01-05 12:50:01,235 - rsi_bot - INFO - Bot heartbeat: alive...
2026-01-05 12:50:11,237 - rsi_bot - INFO - Bot heartbeat: alive...
2026-01-05 12:50:21,238 - rsi_bot - INFO - Bot heartbeat: alive...
2026-01-05 12:50:31,240 - rsi_bot - INFO - Bot heartbeat: alive...
2026-01-05 12:50:41,241 - rsi_bot - INFO - Bot heartbeat: alive...
2026-01-05 12:50:51,244 - rsi_bot - INFO - Bot heartbeat: alive...
2026-01-05 12:51:01,246 - rsi_bot - INFO - Bot heartbeat: alive...
2026-01-05 12:51:11,247 - rsi_bot - INFO - Bot heartbeat: alive...
2026-01-05 12:51:21,250 - rsi_bot - INFO - Bot heartbeat: alive...
2026-01-05 12:51:31,251 - rsi_bot - INFO - Bot heartbeat: alive...
2026-01-05 12:51:41,252 - rsi_bot - INFO - Bot heartbeat: alive...
2026-01-05 12:51:51,255 - rsi_bot - INFO - Bot heartbeat: alive...
2026-01-05 12:51:57,150 - rsi_bot - INFO - Shutting down...
2026-01-05 13:53:36,406 - rsi_bot - INFO - Starting RSI Bot System...
2026-01-05 13:53:36,418 - rsi_bot - INFO - Database initialized (trades.db checked).
2026-01-05 13:53:36,429 - rsi_bot - INFO - Initialized exchange: binance
2026-01-05 13:53:36,431 - rsi_bot - INFO - Strategy loaded.
2026-01-05 13:53:36,438 - rsi_bot - INFO - Market stream started for ['BTC/USDT', 'ETH/USDT', 'BNB/USDT']
2026-01-05 13:53:46,126 - rsi_bot - INFO - Shutting down...
2026-01-05 13:55:12,403 - rsi_bot - INFO - Starting RSI Bot System...
2026-01-05 13:55:12,410 - rsi_bot - INFO - Database initialized (trades.db checked).
2026-01-05 13:55:12,421 - rsi_bot - INFO - Initialized exchange: binance
2026-01-05 13:55:12,422 - rsi_bot - INFO - Strategy loaded.
2026-01-05 13:55:12,423 - rsi_bot - INFO - Market stream started for ['BTC/USDT', 'ETH/USDT', 'BNB/USDT']
2026-01-05 13:55:22,424 - rsi_bot - INFO - Bot heartbeat: alive...
2026-01-05 13:55:25,662 - rsi_bot - INFO - Shutting down...
